grants exactly this list and nothing more:
  1: |
    - apiGroups:
        - mira.miradb.dev
      resources:
        - miraclusters
      verbs:
        - get
        - list
        - watch
    - apiGroups:
        - mira.miradb.dev
      resources:
        - miraclusters/status
      verbs:
        - get
        - update
        - patch
    - apiGroups:
        - apps
      resources:
        - statefulsets
        - deployments
      verbs:
        - get
        - list
        - watch
        - create
        - update
        - patch
    - apiGroups:
        - apps
      resources:
        - statefulsets/scale
      verbs:
        - get
        - update
        - patch
    - apiGroups:
        - ""
      resources:
        - services
        - configmaps
      verbs:
        - get
        - list
        - watch
        - create
        - update
        - patch
    - apiGroups:
        - policy
      resources:
        - poddisruptionbudgets
      verbs:
        - get
        - list
        - watch
        - create
        - update
        - patch
    - apiGroups:
        - ""
      resources:
        - persistentvolumeclaims
      verbs:
        - get
        - list
        - watch
        - delete
    - apiGroups:
        - batch
      resources:
        - jobs
      verbs:
        - get
        - list
        - watch
        - create
        - delete
    - apiGroups:
        - gateway.networking.k8s.io
      resources:
        - httproutes
      verbs:
        - get
        - list
        - watch
        - create
        - update
        - patch
        - delete
grants exactly this list and nothing more, with the exporter on:
  1: |
    - apiGroups:
        - mira.miradb.dev
      resources:
        - miraclusters
      verbs:
        - get
        - list
        - watch
    - apiGroups:
        - mira.miradb.dev
      resources:
        - miraclusters/status
      verbs:
        - get
        - update
        - patch
    - apiGroups:
        - apps
      resources:
        - statefulsets
        - deployments
      verbs:
        - get
        - list
        - watch
        - create
        - update
        - patch
    - apiGroups:
        - apps
      resources:
        - statefulsets/scale
      verbs:
        - get
        - update
        - patch
    - apiGroups:
        - ""
      resources:
        - services
        - configmaps
      verbs:
        - get
        - list
        - watch
        - create
        - update
        - patch
    - apiGroups:
        - policy
      resources:
        - poddisruptionbudgets
      verbs:
        - get
        - list
        - watch
        - create
        - update
        - patch
    - apiGroups:
        - ""
      resources:
        - persistentvolumeclaims
      verbs:
        - get
        - list
        - watch
        - delete
    - apiGroups:
        - batch
      resources:
        - jobs
      verbs:
        - get
        - list
        - watch
        - create
        - delete
    - apiGroups:
        - gateway.networking.k8s.io
      resources:
        - httproutes
      verbs:
        - get
        - list
        - watch
        - create
        - update
        - patch
        - delete
    - apiGroups:
        - ""
      resources:
        - pods
        - events
      verbs:
        - get
        - list
        - watch
